Archive member included to satisfy reference by file (symbol)

C:/ST/STM32CubeIDE_1.12.1/STM32CubeIDE/plugins/com.st.stm32cube.ide.mcu.externaltools.gnu-tools-for-stm32.12.3.rel1.win32_1.0.100.202403111256/tools/bin/../lib/gcc/arm-none-eabi/12.3.1/../../../../arm-none-eabi/lib/thumb/v6-m/nofp\libc_nano.a(libc_a-exit.o)
                              C:/ST/STM32CubeIDE_1.12.1/STM32CubeIDE/plugins/com.st.stm32cube.ide.mcu.externaltools.gnu-tools-for-stm32.12.3.rel1.win32_1.0.100.202403111256/tools/bin/../lib/gcc/arm-none-eabi/12.3.1/../../../../arm-none-eabi/lib/thumb/v6-m/nofp/crt0.o (exit)
C:/ST/STM32CubeIDE_1.12.1/STM32CubeIDE/plugins/com.st.stm32cube.ide.mcu.externaltools.gnu-tools-for-stm32.12.3.rel1.win32_1.0.100.202403111256/tools/bin/../lib/gcc/arm-none-eabi/12.3.1/../../../../arm-none-eabi/lib/thumb/v6-m/nofp\libc_nano.a(libc_a-findfp.o)
                              C:/ST/STM32CubeIDE_1.12.1/STM32CubeIDE/plugins/com.st.stm32cube.ide.mcu.externaltools.gnu-tools-for-stm32.12.3.rel1.win32_1.0.100.202403111256/tools/bin/../lib/gcc/arm-none-eabi/12.3.1/../../../../arm-none-eabi/lib/thumb/v6-m/nofp\libc_nano.a(libc_a-exit.o) (__stdio_exit_handler)
C:/ST/STM32CubeIDE_1.12.1/STM32CubeIDE/plugins/com.st.stm32cube.ide.mcu.externaltools.gnu-tools-for-stm32.12.3.rel1.win32_1.0.100.202403111256/tools/bin/../lib/gcc/arm-none-eabi/12.3.1/../../../../arm-none-eabi/lib/thumb/v6-m/nofp\libc_nano.a(libc_a-fwalk.o)
                              C:/ST/STM32CubeIDE_1.12.1/STM32CubeIDE/plugins/com.st.stm32cube.ide.mcu.externaltools.gnu-tools-for-stm32.12.3.rel1.win32_1.0.100.202403111256/tools/bin/../lib/gcc/arm-none-eabi/12.3.1/../../../../arm-none-eabi/lib/thumb/v6-m/nofp\libc_nano.a(libc_a-findfp.o) (_fwalk_sglue)
C:/ST/STM32CubeIDE_1.12.1/STM32CubeIDE/plugins/com.st.stm32cube.ide.mcu.externaltools.gnu-tools-for-stm32.12.3.rel1.win32_1.0.100.202403111256/tools/bin/../lib/gcc/arm-none-eabi/12.3.1/../../../../arm-none-eabi/lib/thumb/v6-m/nofp\libc_nano.a(libc_a-stdio.o)
                              C:/ST/STM32CubeIDE_1.12.1/STM32CubeIDE/plugins/com.st.stm32cube.ide.mcu.externaltools.gnu-tools-for-stm32.12.3.rel1.win32_1.0.100.202403111256/tools/bin/../lib/gcc/arm-none-eabi/12.3.1/../../../../arm-none-eabi/lib/thumb/v6-m/nofp\libc_nano.a(libc_a-findfp.o) (__sread)
C:/ST/STM32CubeIDE_1.12.1/STM32CubeIDE/plugins/com.st.stm32cube.ide.mcu.externaltools.gnu-tools-for-stm32.12.3.rel1.win32_1.0.100.202403111256/tools/bin/../lib/gcc/arm-none-eabi/12.3.1/../../../../arm-none-eabi/lib/thumb/v6-m/nofp\libc_nano.a(libc_a-memset.o)
                              C:/ST/STM32CubeIDE_1.12.1/STM32CubeIDE/plugins/com.st.stm32cube.ide.mcu.externaltools.gnu-tools-for-stm32.12.3.rel1.win32_1.0.100.202403111256/tools/bin/../lib/gcc/arm-none-eabi/12.3.1/../../../../arm-none-eabi/lib/thumb/v6-m/nofp/crt0.o (memset)
C:/ST/STM32CubeIDE_1.12.1/STM32CubeIDE/plugins/com.st.stm32cube.ide.mcu.externaltools.gnu-tools-for-stm32.12.3.rel1.win32_1.0.100.202403111256/tools/bin/../lib/gcc/arm-none-eabi/12.3.1/../../../../arm-none-eabi/lib/thumb/v6-m/nofp\libc_nano.a(libc_a-closer.o)
                              C:/ST/STM32CubeIDE_1.12.1/STM32CubeIDE/plugins/com.st.stm32cube.ide.mcu.externaltools.gnu-tools-for-stm32.12.3.rel1.win32_1.0.100.202403111256/tools/bin/../lib/gcc/arm-none-eabi/12.3.1/../../../../arm-none-eabi/lib/thumb/v6-m/nofp\libc_nano.a(libc_a-stdio.o) (_close_r)
C:/ST/STM32CubeIDE_1.12.1/STM32CubeIDE/plugins/com.st.stm32cube.ide.mcu.externaltools.gnu-tools-for-stm32.12.3.rel1.win32_1.0.100.202403111256/tools/bin/../lib/gcc/arm-none-eabi/12.3.1/../../../../arm-none-eabi/lib/thumb/v6-m/nofp\libc_nano.a(libc_a-reent.o)
                              C:/ST/STM32CubeIDE_1.12.1/STM32CubeIDE/plugins/com.st.stm32cube.ide.mcu.externaltools.gnu-tools-for-stm32.12.3.rel1.win32_1.0.100.202403111256/tools/bin/../lib/gcc/arm-none-eabi/12.3.1/../../../../arm-none-eabi/lib/thumb/v6-m/nofp\libc_nano.a(libc_a-closer.o) (errno)
C:/ST/STM32CubeIDE_1.12.1/STM32CubeIDE/plugins/com.st.stm32cube.ide.mcu.externaltools.gnu-tools-for-stm32.12.3.rel1.win32_1.0.100.202403111256/tools/bin/../lib/gcc/arm-none-eabi/12.3.1/../../../../arm-none-eabi/lib/thumb/v6-m/nofp\libc_nano.a(libc_a-impure.o)
                              C:/ST/STM32CubeIDE_1.12.1/STM32CubeIDE/plugins/com.st.stm32cube.ide.mcu.externaltools.gnu-tools-for-stm32.12.3.rel1.win32_1.0.100.202403111256/tools/bin/../lib/gcc/arm-none-eabi/12.3.1/../../../../arm-none-eabi/lib/thumb/v6-m/nofp\libc_nano.a(libc_a-reent.o) (_impure_ptr)
C:/ST/STM32CubeIDE_1.12.1/STM32CubeIDE/plugins/com.st.stm32cube.ide.mcu.externaltools.gnu-tools-for-stm32.12.3.rel1.win32_1.0.100.202403111256/tools/bin/../lib/gcc/arm-none-eabi/12.3.1/../../../../arm-none-eabi/lib/thumb/v6-m/nofp\libc_nano.a(libc_a-lseekr.o)
[...]
Memory Configuration

Name             Origin             Length             Attributes
RAM              0x20000000         0x00002000         xrw
FLASH            0x08000000         0x00010000         xr
*default*        0x00000000         0xffffffff

Linker script and memory map

LOAD C:/ST/STM32CubeIDE_1.12.1/STM32CubeIDE/plugins/com.st.stm32cube.ide.mcu.externaltools.gnu-tools-for-stm32.12.3.rel1.win32_1.0.100.202403111256/tools/bin/../lib/gcc/arm-none-eabi/12.3.1/thumb/v6-m/nofp/crti.o
LOAD C:/ST/STM32CubeIDE_1.12.1/STM32CubeIDE/plugins/com.st.stm32cube.ide.mcu.externaltools.gnu-tools-for-stm32.12.3.rel1.win32_1.0.100.202403111256/tools/bin/../lib/gcc/arm-none-eabi/12.3.1/thumb/v6-m/nofp/crtbegin.o
LOAD C:/ST/STM32CubeIDE_1.12.1/STM32CubeIDE/plugins/com.st.stm32cube.ide.mcu.externaltools.gnu-tools-for-stm32.12.3.rel1.win32_1.0.100.202403111256/tools/bin/../lib/gcc/arm-none-eabi/12.3.1/../../../../arm-none-eabi/lib/thumb/v6-m/nofp/crt0.o
LOAD ./Core/Src/SpiPort.o
LOAD ./Core/Src/main.o
LOAD ./Core/Src/stm32f0xx_hal_msp.o
LOAD ./Core/Src/stm32f0xx_it.o
LOAD ./Core/Src/syscalls.o
LOAD ./Core/Src/sysmem.o
LOAD ./Core/Src/system_stm32f0xx.o
LOAD ./Core/Src/timer.o
LOAD ./Core/Startup/startup_stm32f030r8tx.o
LOAD ./Drivers/STM32F0xx_HAL_Driver/Src/stm32f0xx_hal.o
LOAD ./Drivers/STM32F0xx_HAL_Driver/Src/stm32f0xx_hal_cortex.o
LOAD ./Drivers/STM32F0xx_HAL_Driver/Src/stm32f0xx_hal_dma.o
LOAD ./Drivers/STM32F0xx_HAL_Driver/Src/stm32f0xx_hal_exti.o
LOAD ./Drivers/STM32F0xx_HAL_Driver/Src/stm32f0xx_hal_flash.o
LOAD ./Drivers/STM32F0xx_HAL_Driver/Src/stm32f0xx_hal_flash_ex.o
LOAD ./Drivers/STM32F0xx_HAL_Driver/Src/stm32f0xx_hal_gpio.o
LOAD ./Drivers/STM32F0xx_HAL_Driver/Src/stm32f0xx_hal_i2c.o
LOAD ./Drivers/STM32F0xx_HAL_Driver/Src/stm32f0xx_hal_i2c_ex.o
LOAD ./Drivers/STM32F0xx_HAL_Driver/Src/stm32f0xx_hal_iwdg.o
LOAD ./Drivers/STM32F0xx_HAL_Driver/Src/stm32f0xx_hal_pwr.o
LOAD ./Drivers/STM32F0xx_HAL_Driver/Src/stm32f0xx_hal_pwr_ex.o
LOAD ./Drivers/STM32F0xx_HAL_Driver/Src/stm32f0xx_hal_rcc.o
LOAD ./Drivers/STM32F0xx_HAL_Driver/Src/stm32f0xx_hal_rcc_ex.o
LOAD ./Drivers/STM32F0xx_HAL_Driver/Src/stm32f0xx_hal_spi.o
LOAD ./Drivers/STM32F0xx_HAL_Driver/Src/stm32f0xx_hal_spi_ex.o
LOAD ./Drivers/STM32F0xx_HAL_Driver/Src/stm32f0xx_hal_tim.o
LOAD ./Drivers/STM32F0xx_HAL_Driver/Src/stm32f0xx_hal_tim_ex.o
LOAD ./Drivers/STM32F0xx_HAL_Driver/Src/stm32f0xx_hal_uart.o
LOAD ./Drivers/STM32F0xx_HAL_Driver/Src/stm32f0xx_hal_uart_ex.o
START GROUP
LOAD C:/ST/STM32CubeIDE_1.12.1/STM32CubeIDE/plugins/com.st.stm32cube.ide.mcu.externaltools.gnu-tools-for-stm32.12.3.rel1.win32_1.0.100.202403111256/tools/bin/../lib/gcc/arm-none-eabi/12.3.1/../../../../arm-none-eabi/lib/thumb/v6-m/nofp\libstdc++_nano.a
LOAD C:/ST/STM32CubeIDE_1.12.1/STM32CubeIDE/plugins/com.st.stm32cube.ide.mcu.externaltools.gnu-tools-for-stm32.12.3.rel1.win32_1.0.100.202403111256/tools/bin/../lib/gcc/arm-none-eabi/12.3.1/../../../../arm-none-eabi/lib/thumb/v6-m/nofp\libsupc++_nano.a
END GROUP
LOAD C:/ST/STM32CubeIDE_1.12.1/STM32CubeIDE/plugins/com.st.stm32cube.ide.mcu.externaltools.gnu-tools-for-stm32.12.3.rel1.win32_1.0.100.202403111256/tools/bin/../lib/gcc/arm-none-eabi/12.3.1/../../../../arm-none-eabi/lib/thumb/v6-m/nofp\libstdc++_nano.a
LOAD C:/ST/STM32CubeIDE_1.12.1/STM32CubeIDE/plugins/com.st.stm32cube.ide.mcu.externaltools.gnu-tools-for-stm32.12.3.rel1.win32_1.0.100.202403111256/tools/bin/../lib/gcc/arm-none-eabi/12.3.1/../../../../arm-none-eabi/lib/thumb/v6-m/nofp\libm.a
LOAD C:/ST/STM32CubeIDE_1.12.1/STM32CubeIDE/plugins/com.st.stm32cube.ide.mcu.externaltools.gnu-tools-for-stm32.12.3.rel1.win32_1.0.100.202403111256/tools/bin/../lib/gcc/arm-none-eabi/12.3.1/../../../../arm-none-eabi/lib/thumb/v6-m/nofp\libc_nano.a
START GROUP
LOAD C:/ST/STM32CubeIDE_1.12.1/STM32CubeIDE/plugins/com.st.stm32cube.ide.mcu.externaltools.gnu-tools-for-stm32.12.3.rel1.win32_1.0.100.202403111256/tools/bin/../lib/gcc/arm-none-eabi/12.3.1/thumb/v6-m/nofp\libgcc.a
LOAD C:/ST/STM32CubeIDE_1.12.1/STM32CubeIDE/plugins/com.st.stm32cube.ide.mcu.externaltools.gnu-tools-for-stm32.12.3.rel1.win32_1.0.100.202403111256/tools/bin/../lib/gcc/arm-none-eabi/12.3.1/../../../../arm-none-eabi/lib/thumb/v6-m/nofp\libc_nano.a
END GROUP
START GROUP
LOAD C:/ST/STM32CubeIDE_1.12.1/STM32CubeIDE/plugins/com.st.stm32cube.ide.mcu.externaltools.gnu-tools-for-stm32.12.3.rel1.win32_1.0.100.202403111256/tools/bin/../lib/gcc/arm-none-eabi/12.3.1/thumb/v6-m/nofp\libgcc.a
LOAD C:/ST/STM32CubeIDE_1.12.1/STM32CubeIDE/plugins/com.st.stm32cube.ide.mcu.externaltools.gnu-tools-for-stm32.12.3.rel1.win32_1.0.100.202403111256/tools/bin/../lib/gcc/arm-none-eabi/12.3.1/../../../../arm-none-eabi/lib/thumb/v6-m/nofp\libc_nano.a
LOAD C:/ST/STM32CubeIDE_1.12.1/STM32CubeIDE/plugins/com.st.stm32cube.ide.mcu.externaltools.gnu-tools-for-stm32.12.3.rel1.win32_1.0.100.202403111256/tools/bin/../lib/gcc/arm-none-eabi/12.3.1/../../../../arm-none-eabi/lib/thumb/v6-m/nofp\libnosys.a
END GROUP
START GROUP
LOAD C:/ST/STM32CubeIDE_1.12.1/STM32CubeIDE/plugins/com.st.stm32cube.ide.mcu.externaltools.gnu-tools-for-stm32.12.3.rel1.win32_1.0.100.202403111256/tools/bin/../lib/gcc/arm-none-eabi/12.3.1/thumb/v6-m/nofp\libgcc.a
LOAD C:/ST/STM32CubeIDE_1.12.1/STM32CubeIDE/plugins/com.st.stm32cube.ide.mcu.externaltools.gnu-tools-for-stm32.12.3.rel1.win32_1.0.100.202403111256/tools/bin/../lib/gcc/arm-none-eabi/12.3.1/../../../../arm-none-eabi/lib/thumb/v6-m/nofp\libc_nano.a
LOAD C:/ST/STM32CubeIDE_1.12.1/STM32CubeIDE/plugins/com.st.stm32cube.ide.mcu.externaltools.gnu-tools-for-stm32.12.3.rel1.win32_1.0.100.202403111256/tools/bin/../lib/gcc/arm-none-eabi/12.3.1/../../../../arm-none-eabi/lib/thumb/v6-m/nofp\libnosys.a
END GROUP
LOAD C:/ST/STM32CubeIDE_1.12.1/STM32CubeIDE/plugins/com.st.stm32cube.ide.mcu.externaltools.gnu-tools-for-stm32.12.3.rel1.win32_1.0.100.202403111256/tools/bin/../lib/gcc/arm-none-eabi/12.3.1/thumb/v6-m/nofp/crtend.o
LOAD C:/ST/STM32CubeIDE_1.12.1/STM32CubeIDE/plugins/com.st.stm32cube.ide.mcu.externaltools.gnu-tools-for-stm32.12.3.rel1.win32_1.0.100.202403111256/tools/bin/../lib/gcc/arm-none-eabi/12.3.1/thumb/v6-m/nofp/crtn.o
                0x20002000                        _estack = (ORIGIN (RAM) + LENGTH (RAM))
                0x00000200                        _Min_Heap_Size = 0x200
                0x00000400                        _Min_Stack_Size = 0x400

.isr_vector     0x08000000       0xc0
                0x08000000                        . = ALIGN (0x4)
 *(.isr_vector)
 .isr_vector    0x08000000       0xc0 ./Core/Startup/startup_stm32f030r8tx.o
                0x08000000                g_pfnVectors
                0x080000c0                        . = ALIGN (0x4)

.text           0x080000c0     0x50c4
                0x080000c0                        . = ALIGN (0x4)
 *(.text)
 .text          0x080000c0       0x48 C:/ST/STM32CubeIDE_1.12.1/STM32CubeIDE/plugins/com.st.stm32cube.ide.mcu.externaltools.gnu-tools-for-stm32.12.3.rel1.win32_1.0.100.202403111256/tools/bin/../lib/gcc/arm-none-eabi/12.3.1/thumb/v6-m/nofp/crtbegin.o
 .text          0x08000108      0x114 C:/ST/STM32CubeIDE_1.12.1/STM32CubeIDE/plugins/com.st.stm32cube.ide.mcu.externaltools.gnu-tools-for-stm32.12.3.rel1.win32_1.0.100.202403111256/tools/bin/../lib/gcc/arm-none-eabi/12.3.1/thumb/v6-m/nofp\libgcc.a(_udivsi3.o)
                0x08000108                __aeabi_uidiv
                0x08000108                __udivsi3
                0x08000214                __aeabi_uidivmod
 .text          0x0800021c        0x4 C:/ST/STM32CubeIDE_1.12.1/STM32CubeIDE/plugins/com.st.stm32cube.ide.mcu.externaltools.gnu-tools-for-stm32.12.3.rel1.win32_1.0.100.202403111256/tools/bin/../lib/gcc/arm-none-eabi/12.3.1/thumb/v6-m/nofp\libgcc.a(_dvmd_tls.o)
                0x0800021c                __aeabi_idiv0
                0x0800021c                __aeabi_ldiv0
 *(.text*)
 .text._ZN7SpiPortC2Ev
                0x08000220       0x74 ./Core/Src/SpiPort.o
                0x08000220                SpiPort::SpiPort()
                0x08000220                SpiPort::SpiPort()
 .text._ZN7SpiPort5setCSEP12GPIO_TypeDefh
                0x08000294       0x26 ./Core/Src/SpiPort.o
                0x08000294                SpiPort::setCS(GPIO_TypeDef*, unsigned char)
 .text._ZN7SpiPort5setTuEPhS0_S0_S0_
                0x080002ba       0x5e ./Core/Src/SpiPort.o
                0x080002ba                SpiPort::setTu(unsigned char*, unsigned char*, unsigned char*, unsigned char*)
 .text._ZN7SpiPort6selectEv
                0x08000318       0x2e ./Core/Src/SpiPort.o
                0x08000318                SpiPort::select()
 .text._ZN7SpiPort8unSelectEv
                0x08000346       0x2c ./Core/Src/SpiPort.o
                0x08000346                SpiPort::unSelect()
 .text._ZN7SpiPort10isRxSummOkEv
                0x08000372       0x42 ./Core/Src/SpiPort.o
                0x08000372                SpiPort::isRxSummOk()
 .text._ZN7SpiPort9isChangedEv
                0x080003b4       0x7a ./Core/Src/SpiPort.o
                0x080003b4                SpiPort::isChanged()
 .text._ZN7SpiPort5getTsEv
                0x0800042e       0x12 ./Core/Src/SpiPort.o
                0x0800042e                SpiPort::getTs()
 .text._ZN7SpiPort5getTuEv
                0x08000440       0x14 ./Core/Src/SpiPort.o
                0x08000440                SpiPort::getTu()
 .text.HAL_UART_RxCpltCallback
                0x08000454       0x28 ./Core/Src/main.o
                0x08000454                HAL_UART_RxCpltCallback
 .text.uartInterrupt
                0x0800047c       0x74 ./Core/Src/main.o
                0x0800047c                uartInterrupt
 .text.HAL_UART_ErrorCallback
                0x080004f0       0x50 ./Core/Src/main.o
                0x080004f0                HAL_UART_ErrorCallback
 .text.HAL_SPI_ErrorCallback
                0x08000540       0x78 ./Core/Src/main.o
                0x08000540                HAL_SPI_ErrorCallback
 .text.HAL_SPI_TxRxCpltCallback
                0x080005b8       0x1c ./Core/Src/main.o
                0x080005b8                HAL_SPI_TxRxCpltCallback
 .text.uartProcessing
                0x080005d4      0x208 ./Core/Src/main.o
                0x080005d4                uartProcessing
 .text.HAL_UART_TxCpltCallback
                0x080007dc       0x1c ./Core/Src/main.o
                0x080007dc                HAL_UART_TxCpltCallback
 .text.timInit  0x080007f8       0x5c ./Core/Src/main.o
                0x080007f8                timInit
 .text.spiPortInit
                0x08000854       0xdc ./Core/Src/main.o
                0x08000854                spiPortInit
 .text.main     0x08000930      0x49c ./Core/Src/main.o
                0x08000930                main
 .text._Z18SystemClock_Configv
                0x08000dcc       0xaa ./Core/Src/main.o
                0x08000dcc                SystemClock_Config()
 *fill*         0x08000e76        0x2 
 .text._ZL12MX_IWDG_Initv
                0x08000e78       0x4c ./Core/Src/main.o
 .text._ZL12MX_SPI1_Initv
                0x08000ec4       0x84 ./Core/Src/main.o
 .text._ZL19MX_USART2_UART_Initv
                0x08000f48       0x68 ./Core/Src/main.o
 .text._ZL11MX_DMA_Initv
                0x08000fb0       0x4c ./Core/Src/main.o
 .text._ZL12MX_GPIO_Initv
                0x08000ffc      0x124 ./Core/Src/main.o
 .text.Error_Handler
                0x08001120        0xc ./Core/Src/main.o
                0x08001120                Error_Handler
 .text._Z41__static_initialization_and_destruction_0ii
                0x0800112c       0xac ./Core/Src/main.o
 .text._GLOBAL__sub_I_hiwdg
                0x080011d8       0x18 ./Core/Src/main.o
 .text._GLOBAL__sub_D_hiwdg
                0x080011f0       0x18 ./Core/Src/main.o
 .text.HAL_MspInit
                0x08001208       0x48 ./Core/Src/stm32f0xx_hal_msp.o
                0x08001208                HAL_MspInit
 .text.HAL_SPI_MspInit
                0x08001250      0x154 ./Core/Src/stm32f0xx_hal_msp.o
                0x08001250                HAL_SPI_MspInit
 .text.HAL_UART_MspInit
                0x080013a4      0x154 ./Core/Src/stm32f0xx_hal_msp.o
                0x080013a4                HAL_UART_MspInit
 .text.NMI_Handler
                0x080014f8        0x8 ./Core/Src/stm32f0xx_it.o
                0x080014f8                NMI_Handler
 .text.HardFault_Handler
                0x08001500        0x8 ./Core/Src/stm32f0xx_it.o
                0x08001500                HardFault_Handler
 .text.SVC_Handler
                0x08001508        0xa ./Core/Src/stm32f0xx_it.o
                0x08001508                SVC_Handler
 .text.PendSV_Handler
                0x08001512        0xa ./Core/Src/stm32f0xx_it.o
                0x08001512                PendSV_Handler
 .text.SysTick_Handler
                0x0800151c        0xe ./Core/Src/stm32f0xx_it.o
                0x0800151c                SysTick_Handler
 *fill*         0x0800152a        0x2 
 .text.DMA1_Channel2_3_IRQHandler
                0x0800152c       0x24 ./Core/Src/stm32f0xx_it.o
                0x0800152c                DMA1_Channel2_3_IRQHandler
 .text.DMA1_Channel4_5_IRQHandler
                0x08001550       0x24 ./Core/Src/stm32f0xx_it.o
                0x08001550                DMA1_Channel4_5_IRQHandler
 .text.SPI1_IRQHandler
                0x08001574       0x18 ./Core/Src/stm32f0xx_it.o
                0x08001574                SPI1_IRQHandler
 .text.USART2_IRQHandler
                0x0800158c       0x18 ./Core/Src/stm32f0xx_it.o
                0x0800158c                USART2_IRQHandler
 .text.SystemInit
                0x080015a4        0xa ./Core/Src/system_stm32f0xx.o
                0x080015a4                SystemInit
 *fill*         0x080015ae        0x2 
 .text._ZN6CTimerC2Embb
                0x080015b0       0x58 ./Core/Src/timer.o
                0x080015b0                CTimer::CTimer(unsigned long, bool, bool)
                0x080015b0                CTimer::CTimer(unsigned long, bool, bool)
 .text._ZN6CTimerD2Ev
                0x08001608       0x20 ./Core/Src/timer.o
                0x08001608                CTimer::~CTimer()
                0x08001608                CTimer::~CTimer()
 .text._ZN6CTimer3RunEv
                0x08001628       0x48 ./Core/Src/timer.o
                0x08001628                CTimer::Run()
 .text._ZN6CTimer10SetDefaultEmb
                0x08001670       0x60 ./Core/Src/timer.o
                0x08001670                CTimer::SetDefault(unsigned long, bool)
 .text._ZN6CTimer5ResetEv
                0x080016d0       0x38 ./Core/Src/timer.o
                0x080016d0                CTimer::Reset()
 .text._ZN6CTimer3OffEv
                0x08001708       0x24 ./Core/Src/timer.o
                0x08001708                CTimer::Off()
 .text._ZN6CTimer8GetEventEv
                0x0800172c       0x28 ./Core/Src/timer.o
                0x0800172c                CTimer::GetEvent()
 .text._ZN6CTimer5IsOffEv
                0x08001754       0x32 ./Core/Src/timer.o
                0x08001754                CTimer::IsOff()
 *fill*         0x08001786        0x2 
 .text.HAL_IncTick
                0x08001788       0x18 ./Core/Src/timer.o
                0x08001788                HAL_IncTick
 .text.Reset_Handler
                0x080017a0       0x50 ./Core/Startup/startup_stm32f030r8tx.o
                0x080017a0                Reset_Handler
 .text.Default_Handler
                0x080017f0        0x2 ./Core/Startup/startup_stm32f030r8tx.o
                0x080017f0                TIM1_CC_IRQHandler
                0x080017f0                TIM6_IRQHandler
                0x080017f0                I2C1_IRQHandler
                0x080017f0                EXTI2_3_IRQHandler
                0x080017f0                ADC1_IRQHandler
                0x080017f0                I2C2_IRQHandler
                0x080017f0                TIM17_IRQHandler
                0x080017f0                RTC_IRQHandler
                0x080017f0                TIM16_IRQHandler
                0x080017f0                TIM3_IRQHandler
                0x080017f0                EXTI4_15_IRQHandler
                0x080017f0                RCC_IRQHandler
                0x080017f0                DMA1_Channel1_IRQHandler
                0x080017f0                Default_Handler
                0x080017f0                TIM14_IRQHandler
                0x080017f0                TIM15_IRQHandler
                0x080017f0                EXTI0_1_IRQHandler
                0x080017f0                SPI2_IRQHandler
                0x080017f0                WWDG_IRQHandler
                0x080017f0                FLASH_IRQHandler
                0x080017f0                USART1_IRQHandler
                0x080017f0                TIM1_BRK_UP_TRG_COM_IRQHandler
 *fill*         0x080017f2        0x2 
 .text.HAL_Init
                0x080017f4       0x28 ./Drivers/STM32F0xx_HAL_Driver/Src/stm32f0xx_hal.o
                0x080017f4                HAL_Init
 .text.HAL_InitTick
                0x0800181c       0x68 ./Drivers/STM32F0xx_HAL_Driver/Src/stm32f0xx_hal.o
                0x0800181c                HAL_InitTick
 .text.HAL_GetTick
                0x08001884       0x14 ./Drivers/STM32F0xx_HAL_Driver/Src/stm32f0xx_hal.o
                0x08001884                HAL_GetTick
 .text.__NVIC_EnableIRQ
                0x08001898       0x34 ./Drivers/STM32F0xx_HAL_Driver/Src/stm32f0xx_hal_cortex.o
 .text.__NVIC_SetPriority
                0x080018cc       0xdc ./Drivers/STM32F0xx_HAL_Driver/Src/stm32f0xx_hal_cortex.o
 .text.SysTick_Config
                0x080019a8       0x48 ./Drivers/STM32F0xx_HAL_Driver/Src/stm32f0xx_hal_cortex.o
 .text.HAL_NVIC_SetPriority
                0x080019f0       0x2a ./Drivers/STM32F0xx_HAL_Driver/Src/stm32f0xx_hal_cortex.o
                0x080019f0                HAL_NVIC_SetPriority
 .text.HAL_NVIC_EnableIRQ
                0x08001a1a       0x20 ./Drivers/STM32F0xx_HAL_Driver/Src/stm32f0xx_hal_cortex.o
                0x08001a1a                HAL_NVIC_EnableIRQ
 .text.HAL_SYSTICK_Config
                0x08001a3a       0x1a ./Drivers/STM32F0xx_HAL_Driver/Src/stm32f0xx_hal_cortex.o
                0x08001a3a                HAL_SYSTICK_Config
 .text.HAL_DMA_Init
                0x08001a54       0x90 ./Drivers/STM32F0xx_HAL_Driver/Src/stm32f0xx_hal_dma.o
                0x08001a54                HAL_DMA_Init
 .text.HAL_DMA_Start_IT
                0x08001ae4       0xcc ./Drivers/STM32F0xx_HAL_Driver/Src/stm32f0xx_hal_dma.o
                0x08001ae4                HAL_DMA_Start_IT
 .text.HAL_DMA_Abort
                0x08001bb0       0x70 ./Drivers/STM32F0xx_HAL_Driver/Src/stm32f0xx_hal_dma.o
                0x08001bb0                HAL_DMA_Abort
 .text.HAL_DMA_Abort_IT
                0x08001c20       0x8a ./Drivers/STM32F0xx_HAL_Driver/Src/stm32f0xx_hal_dma.o
                0x08001c20                HAL_DMA_Abort_IT
 .text.HAL_DMA_IRQHandler
                0x08001caa      0x144 ./Drivers/STM32F0xx_HAL_Driver/Src/stm32f0xx_hal_dma.o
                0x08001caa                HAL_DMA_IRQHandler
 .text.HAL_DMA_GetError
                0x08001dee       0x14 ./Drivers/STM32F0xx_HAL_Driver/Src/stm32f0xx_hal_dma.o
                0x08001dee                HAL_DMA_GetError
 .text.DMA_SetConfig
                0x08001e02       0x58 ./Drivers/STM32F0xx_HAL_Driver/Src/stm32f0xx_hal_dma.o
 *fill*         0x08001e5a        0x2 
 .text.DMA_CalcBaseAndBitshift
                0x08001e5c       0x38 ./Drivers/STM32F0xx_HAL_Driver/Src/stm32f0xx_hal_dma.o
 .text.HAL_GPIO_Init
                0x08001e94      0x2e0 ./Drivers/STM32F0xx_HAL_Driver/Src/stm32f0xx_hal_gpio.o
                0x08001e94                HAL_GPIO_Init
 .text.HAL_GPIO_WritePin
                0x08002174       0x3a ./Drivers/STM32F0xx_HAL_Driver/Src/stm32f0xx_hal_gpio.o
                0x08002174                HAL_GPIO_WritePin
 *fill*         0x080021ae        0x2 
 .text.HAL_IWDG_Init
                0x080021b0       0xa4 ./Drivers/STM32F0xx_HAL_Driver/Src/stm32f0xx_hal_iwdg.o
                0x080021b0                HAL_IWDG_Init
 .text.HAL_IWDG_Refresh
                0x08002254       0x20 ./Drivers/STM32F0xx_HAL_Driver/Src/stm32f0xx_hal_iwdg.o
                0x08002254                HAL_IWDG_Refresh
 .text.HAL_RCC_OscConfig
                0x08002274      0x634 ./Drivers/STM32F0xx_HAL_Driver/Src/stm32f0xx_hal_rcc.o
                0x08002274                HAL_RCC_OscConfig
 .text.HAL_RCC_ClockConfig
                0x080028a8      0x19c ./Drivers/STM32F0xx_HAL_Driver/Src/stm32f0xx_hal_rcc.o
                0x080028a8                HAL_RCC_ClockConfig
 .text.HAL_RCC_GetSysClockFreq
                0x08002a44       0xac ./Drivers/STM32F0xx_HAL_Driver/Src/stm32f0xx_hal_rcc.o
                0x08002a44                HAL_RCC_GetSysClockFreq
 .text.HAL_RCC_GetHCLKFreq
                0x08002af0       0x14 ./Drivers/STM32F0xx_HAL_Driver/Src/stm32f0xx_hal_rcc.o
                0x08002af0                HAL_RCC_GetHCLKFreq
 .text.HAL_RCC_GetPCLK1Freq
                0x08002b04       0x2c ./Drivers/STM32F0xx_HAL_Driver/Src/stm32f0xx_hal_rcc.o
                0x08002b04                HAL_RCC_GetPCLK1Freq
 .text.HAL_SPI_Init
                0x08002b30      0x170 ./Drivers/STM32F0xx_HAL_Driver/Src/stm32f0xx_hal_spi.o
                0x08002b30                HAL_SPI_Init
 .text.HAL_SPI_TransmitReceive_DMA
                0x08002ca0      0x378 ./Drivers/STM32F0xx_HAL_Driver/Src/stm32f0xx_hal_spi.o
                0x08002ca0                HAL_SPI_TransmitReceive_DMA
 .text.HAL_SPI_Abort
                0x08003018      0x244 ./Drivers/STM32F0xx_HAL_Driver/Src/stm32f0xx_hal_spi.o
                0x08003018                HAL_SPI_Abort
 .text.HAL_SPI_IRQHandler
                0x0800325c      0x1d4 ./Drivers/STM32F0xx_HAL_Driver/Src/stm32f0xx_hal_spi.o
                0x0800325c                HAL_SPI_IRQHandler
 .text.HAL_SPI_RxCpltCallback
                0x08003430       0x10 ./Drivers/STM32F0xx_HAL_Driver/Src/stm32f0xx_hal_spi.o
                0x08003430                HAL_SPI_RxCpltCallback
 .text.HAL_SPI_RxHalfCpltCallback
                0x08003440       0x10 ./Drivers/STM32F0xx_HAL_Driver/Src/stm32f0xx_hal_spi.o
                0x08003440                HAL_SPI_RxHalfCpltCallback
 .text.HAL_SPI_TxRxHalfCpltCallback
                0x08003450       0x10 ./Drivers/STM32F0xx_HAL_Driver/Src/stm32f0xx_hal_spi.o
                0x08003450                HAL_SPI_TxRxHalfCpltCallback
 .text.SPI_DMAReceiveCplt
                0x08003460       0xb0 ./Drivers/STM32F0xx_HAL_Driver/Src/stm32f0xx_hal_spi.o
 .text.SPI_DMATransmitReceiveCplt
                0x08003510       0x96 ./Drivers/STM32F0xx_HAL_Driver/Src/stm32f0xx_hal_spi.o
 .text.SPI_DMAHalfReceiveCplt
                0x080035a6       0x1e ./Drivers/STM32F0xx_HAL_Driver/Src/stm32f0xx_hal_spi.o
 .text.SPI_DMAHalfTransmitReceiveCplt
                0x080035c4       0x1e ./Drivers/STM32F0xx_HAL_Driver/Src/stm32f0xx_hal_spi.o
 .text.SPI_DMAError
                0x080035e2       0x42 ./Drivers/STM32F0xx_HAL_Driver/Src/stm32f0xx_hal_spi.o
 .text.SPI_DMAAbortOnError
                0x08003624       0x2c ./Drivers/STM32F0xx_HAL_Driver/Src/stm32f0xx_hal_spi.o
 .text.SPI_WaitFlagStateUntilTimeout
                0x08003650      0x11c ./Drivers/STM32F0xx_HAL_Driver/Src/stm32f0xx_hal_spi.o
 .text.SPI_WaitFifoStateUntilTimeout
                0x0800376c      0x144 ./Drivers/STM32F0xx_HAL_Driver/Src/stm32f0xx_hal_spi.o
 .text.SPI_EndRxTransaction
                0x080038b0       0xbc ./Drivers/STM32F0xx_HAL_Driver/Src/stm32f0xx_hal_spi.o
 .text.SPI_EndRxTxTransaction
                0x0800396c       0x8c ./Drivers/STM32F0xx_HAL_Driver/Src/stm32f0xx_hal_spi.o
 .text.SPI_AbortRx_ISR
                0x080039f8       0xbc ./Drivers/STM32F0xx_HAL_Driver/Src/stm32f0xx_hal_spi.o
 .text.SPI_AbortTx_ISR
                0x08003ab4      0x13c ./Drivers/STM32F0xx_HAL_Driver/Src/stm32f0xx_hal_spi.o
 .text.HAL_UART_Init
                0x08003bf0       0xa8 ./Drivers/STM32F0xx_HAL_Driver/Src/stm32f0xx_hal_uart.o
                0x08003bf0                HAL_UART_Init
 .text.HAL_UART_Transmit_DMA
                0x08003c98      0x120 ./Drivers/STM32F0xx_HAL_Driver/Src/stm32f0xx_hal_uart.o
                0x08003c98                HAL_UART_Transmit_DMA
 .text.HAL_UART_Receive_DMA
                0x08003db8       0xae ./Drivers/STM32F0xx_HAL_Driver/Src/stm32f0xx_hal_uart.o
                0x08003db8                HAL_UART_Receive_DMA
 *fill*         0x08003e66        0x2 
 .text.HAL_UART_AbortReceive
                0x08003e68      0x15c ./Drivers/STM32F0xx_HAL_Driver/Src/stm32f0xx_hal_uart.o
                0x08003e68                HAL_UART_AbortReceive
 .text.HAL_UART_IRQHandler
                0x08003fc4      0x590 ./Drivers/STM32F0xx_HAL_Driver/Src/stm32f0xx_hal_uart.o
                0x08003fc4                HAL_UART_IRQHandler
 .text.HAL_UART_TxHalfCpltCallback
                0x08004554       0x10 ./Drivers/STM32F0xx_HAL_Driver/Src/stm32f0xx_hal_uart.o
                0x08004554                HAL_UART_TxHalfCpltCallback
 .text.HAL_UART_RxHalfCpltCallback
                0x08004564       0x10 ./Drivers/STM32F0xx_HAL_Driver/Src/stm32f0xx_hal_uart.o
                0x08004564                HAL_UART_RxHalfCpltCallback
 .text.HAL_UARTEx_RxEventCallback
                0x08004574       0x16 ./Drivers/STM32F0xx_HAL_Driver/Src/stm32f0xx_hal_uart.o
                0x08004574                HAL_UARTEx_RxEventCallback
 *fill*         0x0800458a        0x2 
 .text.UART_SetConfig
                0x0800458c      0x280 ./Drivers/STM32F0xx_HAL_Driver/Src/stm32f0xx_hal_uart.o
                0x0800458c                UART_SetConfig
 .text.UART_AdvFeatureConfig
                0x0800480c      0x168 ./Drivers/STM32F0xx_HAL_Driver/Src/stm32f0xx_hal_uart.o
                0x0800480c                UART_AdvFeatureConfig
 .text.UART_CheckIdleState
                0x08004974      0x150 ./Drivers/STM32F0xx_HAL_Driver/Src/stm32f0xx_hal_uart.o
                0x08004974                UART_CheckIdleState
 .text.UART_WaitOnFlagUntilTimeout
                0x08004ac4       0xd2 ./Drivers/STM32F0xx_HAL_Driver/Src/stm32f0xx_hal_uart.o
                0x08004ac4                UART_WaitOnFlagUntilTimeout
 *fill*         0x08004b96        0x2 
 .text.UART_Start_Receive_DMA
                0x08004b98      0x140 ./Drivers/STM32F0xx_HAL_Driver/Src/stm32f0xx_hal_uart.o
                0x08004b98                UART_Start_Receive_DMA
 .text.UART_EndTxTransfer
                0x08004cd8       0x48 ./Drivers/STM32F0xx_HAL_Driver/Src/stm32f0xx_hal_uart.o
 .text.UART_EndRxTransfer
                0x08004d20       0xc8 ./Drivers/STM32F0xx_HAL_Driver/Src/stm32f0xx_hal_uart.o
 .text.UART_DMATransmitCplt
                0x08004de8       0x94 ./Drivers/STM32F0xx_HAL_Driver/Src/stm32f0xx_hal_uart.o
 .text.UART_DMATxHalfCplt
                0x08004e7c       0x1e ./Drivers/STM32F0xx_HAL_Driver/Src/stm32f0xx_hal_uart.o
 *fill*         0x08004e9a        0x2 
 .text.UART_DMAReceiveCplt
                0x08004e9c      0x12c ./Drivers/STM32F0xx_HAL_Driver/Src/stm32f0xx_hal_uart.o
 .text.UART_DMARxHalfCplt
                0x08004fc8       0x42 ./Drivers/STM32F0xx_HAL_Driver/Src/stm32f0xx_hal_uart.o
 .text.UART_DMAError
                0x0800500a       0x84 ./Drivers/STM32F0xx_HAL_Driver/Src/stm32f0xx_hal_uart.o
 .text.UART_DMAAbortOnError
                0x0800508e       0x2e ./Drivers/STM32F0xx_HAL_Driver/Src/stm32f0xx_hal_uart.o
 .text.UART_EndTransmit_IT
                0x080050bc       0x56 ./Drivers/STM32F0xx_HAL_Driver/Src/stm32f0xx_hal_uart.o
 .text.memset   0x08005112       0x10 C:/ST/STM32CubeIDE_1.12.1/STM32CubeIDE/plugins/com.st.stm32cube.ide.mcu.externaltools.gnu-tools-for-stm32.12.3.rel1.win32_1.0.100.202403111256/tools/bin/../lib/gcc/arm-none-eabi/12.3.1/../../../../arm-none-eabi/lib/thumb/v6-m/nofp\libc_nano.a(libc_a-memset.o)
                0x08005112                memset
 *fill*         0x08005122        0x2 
 .text.__libc_init_array
                0x08005124       0x48 C:/ST/STM32CubeIDE_1.12.1/STM32CubeIDE/plugins/com.st.stm32cube.ide.mcu.externaltools.gnu-tools-for-stm32.12.3.rel1.win32_1.0.100.202403111256/tools/bin/../lib/gcc/arm-none-eabi/12.3.1/../../../../arm-none-eabi/lib/thumb/v6-m/nofp\libc_nano.a(libc_a-init.o)
                0x08005124                __libc_init_array
 *(.glue_7)
 .glue_7        0x0800516c        0x0 linker stubs
 *(.glue_7t)
 .glue_7t       0x0800516c        0x0 linker stubs
 *(.eh_frame)
 .eh_frame      0x0800516c        0x0 C:/ST/STM32CubeIDE_1.12.1/STM32CubeIDE/plugins/com.st.stm32cube.ide.mcu.externaltools.gnu-tools-for-stm32.12.3.rel1.win32_1.0.100.202403111256/tools/bin/../lib/gcc/arm-none-eabi/12.3.1/thumb/v6-m/nofp/crtbegin.o
 *(.init)
 .init          0x0800516c        0x4 C:/ST/STM32CubeIDE_1.12.1/STM32CubeIDE/plugins/com.st.stm32cube.ide.mcu.externaltools.gnu-tools-for-stm32.12.3.rel1.win32_1.0.100.202403111256/tools/bin/../lib/gcc/arm-none-eabi/12.3.1/thumb/v6-m/nofp/crti.o
                0x0800516c                _init
 .init          0x08005170        0x8 C:/ST/STM32CubeIDE_1.12.1/STM32CubeIDE/plugins/com.st.stm32cube.ide.mcu.externaltools.gnu-tools-for-stm32.12.3.rel1.win32_1.0.100.202403111256/tools/bin/../lib/gcc/arm-none-eabi/12.3.1/thumb/v6-m/nofp/crtn.o
 *(.fini)
 .fini          0x08005178        0x4 C:/ST/STM32CubeIDE_1.12.1/STM32CubeIDE/plugins/com.st.stm32cube.ide.mcu.externaltools.gnu-tools-for-stm32.12.3.rel1.win32_1.0.100.202403111256/tools/bin/../lib/gcc/arm-none-eabi/12.3.1/thumb/v6-m/nofp/crti.o
                0x08005178                _fini
 .fini          0x0800517c        0x8 C:/ST/STM32CubeIDE_1.12.1/STM32CubeIDE/plugins/com.st.stm32cube.ide.mcu.externaltools.gnu-tools-for-stm32.12.3.rel1.win32_1.0.100.202403111256/tools/bin/../lib/gcc/arm-none-eabi/12.3.1/thumb/v6-m/nofp/crtn.o
                0x08005184                        . = ALIGN (0x4)
                0x08005184                        _etext = .

.vfp11_veneer   0x08005184        0x0
 .vfp11_veneer  0x08005184        0x0 linker stubs

.v4_bx          0x08005184        0x0
 .v4_bx         0x08005184        0x0 linker stubs

.iplt           0x08005184        0x0
 .iplt          0x08005184        0x0 C:/ST/STM32CubeIDE_1.12.1/STM32CubeIDE/plugins/com.st.stm32cube.ide.mcu.externaltools.gnu-tools-for-stm32.12.3.rel1.win32_1.0.100.202403111256/tools/bin/../lib/gcc/arm-none-eabi/12.3.1/thumb/v6-m/nofp/crtbegin.o

.rodata         0x08005184       0x38
                0x08005184                        . = ALIGN (0x4)
 *(.rodata)
 *(.rodata*)
 .rodata.AHBPrescTable
                0x08005184       0x10 ./Core/Src/system_stm32f0xx.o
                0x08005184                AHBPrescTable
 .rodata.APBPrescTable
                0x08005194        0x8 ./Core/Src/system_stm32f0xx.o
                0x08005194                APBPrescTable
 .rodata.aPLLMULFactorTable.1
                0x0800519c       0x10 ./Drivers/STM32F0xx_HAL_Driver/Src/stm32f0xx_hal_rcc.o
 .rodata.aPredivFactorTable.0
                0x080051ac       0x10 ./Drivers/STM32F0xx_HAL_Driver/Src/stm32f0xx_hal_rcc.o
                0x080051bc                        . = ALIGN (0x4)

.rel.dyn        0x080051bc        0x0
 .rel.iplt      0x080051bc        0x0 C:/ST/STM32CubeIDE_1.12.1/STM32CubeIDE/plugins/com.st.stm32cube.ide.mcu.externaltools.gnu-tools-for-stm32.12.3.rel1.win32_1.0.100.202403111256/tools/bin/../lib/gcc/arm-none-eabi/12.3.1/thumb/v6-m/nofp/crtbegin.o

.ARM.extab      0x080051bc        0x0
                0x080051bc                        . = ALIGN (0x4)
 *(.ARM.extab* .gnu.linkonce.armextab.*)
                0x080051bc                        . = ALIGN (0x4)

.ARM            0x080051bc        0x0
                0x080051bc                        . = ALIGN (0x4)
                0x080051bc                        __exidx_start = .
 *(.ARM.exidx*)
                0x080051bc                        __exidx_end = .
                0x080051bc                        . = ALIGN (0x4)

.preinit_array  0x080051bc        0x0
                0x080051bc                        . = ALIGN (0x4)
                0x080051bc                        PROVIDE (__preinit_array_start = .)
 *(.preinit_array*)
                0x080051bc                        PROVIDE (__preinit_array_end = .)
                0x080051bc                        . = ALIGN (0x4)

.init_array     0x080051bc        0x8
                0x080051bc                        . = ALIGN (0x4)
                0x080051bc                        PROVIDE (__init_array_start = .)
 *(SORT_BY_NAME(.init_array.*))
 *(.init_array*)
 .init_array    0x080051bc        0x4 C:/ST/STM32CubeIDE_1.12.1/STM32CubeIDE/plugins/com.st.stm32cube.ide.mcu.externaltools.gnu-tools-for-stm32.12.3.rel1.win32_1.0.100.202403111256/tools/bin/../lib/gcc/arm-none-eabi/12.3.1/thumb/v6-m/nofp/crtbegin.o
 .init_array    0x080051c0        0x4 ./Core/Src/main.o
                0x080051c4                        PROVIDE (__init_array_end = .)
                0x080051c4                        . = ALIGN (0x4)

.fini_array     0x080051c4        0x8
                0x080051c4                        . = ALIGN (0x4)
                [!provide]                        PROVIDE (__fini_array_start = .)
 *(SORT_BY_NAME(.fini_array.*))
 *(.fini_array*)
 .fini_array    0x080051c4        0x4 C:/ST/STM32CubeIDE_1.12.1/STM32CubeIDE/plugins/com.st.stm32cube.ide.mcu.externaltools.gnu-tools-for-stm32.12.3.rel1.win32_1.0.100.202403111256/tools/bin/../lib/gcc/arm-none-eabi/12.3.1/thumb/v6-m/nofp/crtbegin.o
 .fini_array    0x080051c8        0x4 ./Core/Src/main.o
                [!provide]                        PROVIDE (__fini_array_end = .)
                0x080051cc                        . = ALIGN (0x4)
                0x080051cc                        _sidata = LOADADDR (.data)

.data           0x20000000       0x4c load address 0x080051cc
                0x20000000                        . = ALIGN (0x4)
                0x20000000                        _sdata = .
 *(.data)
 *(.data*)
 .data.uartRx   0x20000000        0x8 ./Core/Src/main.o
                0x20000000                uartRx
 .data.uartTxSaved
                0x20000008       0x37 ./Core/Src/main.o
                0x20000008                uartTxSaved
 .data.iwdgFlag
                0x2000003f        0x1 ./Core/Src/main.o
                0x2000003f                iwdgFlag
 .data.SystemCoreClock
                0x20000040        0x4 ./Core/Src/system_stm32f0xx.o
                0x20000040                SystemCoreClock
 .data.uwTickPrio
                0x20000044        0x4 ./Drivers/STM32F0xx_HAL_Driver/Src/stm32f0xx_hal.o
                0x20000044                uwTickPrio
 .data.uwTickFreq
                0x20000048        0x1 ./Drivers/STM32F0xx_HAL_Driver/Src/stm32f0xx_hal.o
                0x20000048                uwTickFreq
 *(.RamFunc)
 *(.RamFunc*)
                0x2000004c                        . = ALIGN (0x4)
 *fill*         0x20000049        0x3 
                0x2000004c                        _edata = .

.igot.plt       0x2000004c        0x0 load address 0x08005218
 .igot.plt      0x2000004c        0x0 C:/ST/STM32CubeIDE_1.12.1/STM32CubeIDE/plugins/com.st.stm32cube.ide.mcu.externaltools.gnu-tools-for-stm32.12.3.rel1.win32_1.0.100.202403111256/tools/bin/../lib/gcc/arm-none-eabi/12.3.1/thumb/v6-m/nofp/crtbegin.o
                0x2000004c                        . = ALIGN (0x4)

.bss            0x2000004c      0x530 load address 0x08005218
                0x2000004c                        _sbss = .
                0x2000004c                        __bss_start__ = _sbss
 *(.bss)
 .bss           0x2000004c       0x1c C:/ST/STM32CubeIDE_1.12.1/STM32CubeIDE/plugins/com.st.stm32cube.ide.mcu.externaltools.gnu-tools-for-stm32.12.3.rel1.win32_1.0.100.202403111256/tools/bin/../lib/gcc/arm-none-eabi/12.3.1/thumb/v6-m/nofp/crtbegin.o
 *(.bss*)
 .bss.hiwdg     0x20000068       0x10 ./Core/Src/main.o
                0x20000068                hiwdg
 .bss.hspi1     0x20000078       0x64 ./Core/Src/main.o
                0x20000078                hspi1
 .bss.hdma_spi1_rx
                0x200000dc       0x44 ./Core/Src/main.o
                0x200000dc                hdma_spi1_rx
 .bss.hdma_spi1_tx
                0x20000120       0x44 ./Core/Src/main.o
                0x20000120                hdma_spi1_tx
 .bss.huart2    0x20000164       0x88 ./Core/Src/main.o
                0x20000164                huart2
 .bss.hdma_usart2_rx
                0x200001ec       0x44 ./Core/Src/main.o
                0x200001ec                hdma_usart2_rx
 .bss.hdma_usart2_tx
                0x20000230       0x44 ./Core/Src/main.o
                0x20000230                hdma_usart2_tx
 .bss.uartRxState
                0x20000274        0x2 ./Core/Src/main.o
                0x20000274                uartRxState
 .bss.uartTxState
                0x20000276        0x1 ./Core/Src/main.o
                0x20000276                uartTxState
 .bss.spiState  0x20000277        0x1 ./Core/Src/main.o
                0x20000277                spiState
 .bss.uartRxTim
                0x20000278       0x10 ./Core/Src/main.o
                0x20000278                uartRxTim
 .bss.uartTxTim
                0x20000288       0x10 ./Core/Src/main.o
                0x20000288                uartTxTim
 .bss.uartTxDelTim
                0x20000298       0x10 ./Core/Src/main.o
                0x20000298                uartTxDelTim
 .bss.uartTxEventTim
                0x200002a8       0x10 ./Core/Src/main.o
                0x200002a8                uartTxEventTim
 .bss.uartRxBuff
                0x200002b8       0x6a ./Core/Src/main.o
                0x200002b8                uartRxBuff
 *fill*         0x20000322        0x2 
 .bss.uartRxSaved
                0x20000324       0x30 ./Core/Src/main.o
                0x20000324                uartRxSaved
 .bss.rxBuffNum
                0x20000354        0x1 ./Core/Src/main.o
                0x20000354                rxBuffNum
 *fill*         0x20000355        0x3 
 .bss.uartTx    0x20000358       0x32 ./Core/Src/main.o
                0x20000358                uartTx
 .bss.uartTxNum
                0x2000038a        0x1 ./Core/Src/main.o
                0x2000038a                uartTxNum
 *fill*         0x2000038b        0x1 
 .bss.spiPort   0x2000038c      0x1e0 ./Core/Src/main.o
                0x2000038c                spiPort
 .bss.port      0x2000056c        0x1 ./Core/Src/main.o
                0x2000056c                port
 *fill*         0x2000056d        0x3 
 .bss._ZN6CTimer13m_wCountTimerE
                0x20000570        0x4 ./Core/Src/timer.o
                0x20000570                CTimer::m_wCountTimer
 .bss._ZN6CTimer21m_wCountTick_RealmSecE
                0x20000574        0x4 ./Core/Src/timer.o
                0x20000574                CTimer::m_wCountTick_RealmSec
 .bss.uwTick    0x20000578        0x4 ./Drivers/STM32F0xx_HAL_Driver/Src/stm32f0xx_hal.o
                0x20000578                uwTick
 *(COMMON)
                0x2000057c                        . = ALIGN (0x4)
                0x2000057c                        _ebss = .
                0x2000057c                        __bss_end__ = _ebss

._user_heap_stack
                0x2000057c      0x604 load address 0x08005218
                0x20000580                        . = ALIGN (0x8)
 *fill*         0x2000057c        0x4 
                [!provide]                        PROVIDE (end = .)
                0x20000580                        PROVIDE (_end = .)
                0x20000780                        . = (. + _Min_Heap_Size)
 *fill*         0x20000580      0x200 
                0x20000b80                        . = (. + _Min_Stack_Size)
 *fill*         0x20000780      0x400 
                0x20000b80                        . = ALIGN (0x8)

/DISCARD/
 libc.a(*)
 libm.a(*)
 libgcc.a(*)

.ARM.attributes
                0x00000000       0x28
 *(.ARM.attributes)
 .ARM.attributes
                0x00000000       0x1e C:/ST/STM32CubeIDE_1.12.1/STM32CubeIDE/plugins/com.st.stm32cube.ide.mcu.externaltools.gnu-tools-for-stm32.12.3.rel1.win32_1.0.100.202403111256/tools/bin/../lib/gcc/arm-none-eabi/12.3.1/thumb/v6-m/nofp/crti.o
 .ARM.attributes
                0x0000001e       0x2c C:/ST/STM32CubeIDE_1.12.1/STM32CubeIDE/plugins/com.st.stm32cube.ide.mcu.externaltools.gnu-tools-for-stm32.12.3.rel1.win32_1.0.100.202403111256/tools/bin/../lib/gcc/arm-none-eabi/12.3.1/thumb/v6-m/nofp/crtbegin.o
 .ARM.attributes
                0x0000004a       0x2c ./Core/Src/SpiPort.o
 .ARM.attributes
                0x00000076       0x2c ./Core/Src/main.o
 .ARM.attributes
                0x000000a2       0x2c ./Core/Src/stm32f0xx_hal_msp.o
 .ARM.attributes
                0x000000ce       0x2c ./Core/Src/stm32f0xx_it.o
 .ARM.attributes
                0x000000fa       0x2c ./Core/Src/system_stm32f0xx.o
 .ARM.attributes
                0x00000126       0x2c ./Core/Src/timer.o
 .ARM.attributes
                0x00000152       0x21 ./Core/Startup/startup_stm32f030r8tx.o
 .ARM.attributes
                0x00000173       0x2c ./Drivers/STM32F0xx_HAL_Driver/Src/stm32f0xx_hal.o
 .ARM.attributes
                0x0000019f       0x2c ./Drivers/STM32F0xx_HAL_Driver/Src/stm32f0xx_hal_cortex.o
 .ARM.attributes
                0x000001cb       0x2c ./Drivers/STM32F0xx_HAL_Driver/Src/stm32f0xx_hal_dma.o
 .ARM.attributes
                0x000001f7       0x2c ./Drivers/STM32F0xx_HAL_Driver/Src/stm32f0xx_hal_gpio.o
 .ARM.attributes
                0x00000223       0x2c ./Drivers/STM32F0xx_HAL_Driver/Src/stm32f0xx_hal_iwdg.o
 .ARM.attributes
                0x0000024f       0x2c ./Drivers/STM32F0xx_HAL_Driver/Src/stm32f0xx_hal_rcc.o
 .ARM.attributes
                0x0000027b       0x2c ./Drivers/STM32F0xx_HAL_Driver/Src/stm32f0xx_hal_spi.o
 .ARM.attributes
                0x000002a7       0x2c ./Drivers/STM32F0xx_HAL_Driver/Src/stm32f0xx_hal_uart.o
 .ARM.attributes
                0x000002d3       0x2c C:/ST/STM32CubeIDE_1.12.1/STM32CubeIDE/plugins/com.st.stm32cube.ide.mcu.externaltools.gnu-tools-for-stm32.12.3.rel1.win32_1.0.100.202403111256/tools/bin/../lib/gcc/arm-none-eabi/12.3.1/../../../../arm-none-eabi/lib/thumb/v6-m/nofp\libc_nano.a(libc_a-memset.o)
 .ARM.attributes
                0x000002ff       0x2c C:/ST/STM32CubeIDE_1.12.1/STM32CubeIDE/plugins/com.st.stm32cube.ide.mcu.externaltools.gnu-tools-for-stm32.12.3.rel1.win32_1.0.100.202403111256/tools/bin/../lib/gcc/arm-none-eabi/12.3.1/../../../../arm-none-eabi/lib/thumb/v6-m/nofp\libc_nano.a(libc_a-init.o)
 .ARM.attributes
                0x0000032b       0x1e C:/ST/STM32CubeIDE_1.12.1/STM32CubeIDE/plugins/com.st.stm32cube.ide.mcu.externaltools.gnu-tools-for-stm32.12.3.rel1.win32_1.0.100.202403111256/tools/bin/../lib/gcc/arm-none-eabi/12.3.1/thumb/v6-m/nofp\libgcc.a(_udivsi3.o)
 .ARM.attributes
                0x00000349       0x1e C:/ST/STM32CubeIDE_1.12.1/STM32CubeIDE/plugins/com.st.stm32cube.ide.mcu.externaltools.gnu-tools-for-stm32.12.3.rel1.win32_1.0.100.202403111256/tools/bin/../lib/gcc/arm-none-eabi/12.3.1/thumb/v6-m/nofp\libgcc.a(_dvmd_tls.o)
 .ARM.attributes
                0x00000367       0x1e C:/ST/STM32CubeIDE_1.12.1/STM32CubeIDE/plugins/com.st.stm32cube.ide.mcu.externaltools.gnu-tools-for-stm32.12.3.rel1.win32_1.0.100.202403111256/tools/bin/../lib/gcc/arm-none-eabi/12.3.1/thumb/v6-m/nofp/crtn.o
OUTPUT(COM_17_P3.elf elf32-littlearm)
LOAD linker stubs
LOAD C:/ST/STM32CubeIDE_1.12.1/STM32CubeIDE/plugins/com.st.stm32cube.ide.mcu.externaltools.gnu-tools-for-stm32.12.3.rel1.win32_1.0.100.202403111256/tools/bin/../lib/gcc/arm-none-eabi/12.3.1/../../../../arm-none-eabi/lib/thumb/v6-m/nofp\libc.a
LOAD C:/ST/STM32CubeIDE_1.12.1/STM32CubeIDE/plugins/com.st.stm32cube.ide.mcu.externaltools.gnu-tools-for-stm32.12.3.rel1.win32_1.0.100.202403111256/tools/bin/../lib/gcc/arm-none-eabi/12.3.1/../../../../arm-none-eabi/lib/thumb/v6-m/nofp\libm.a
LOAD C:/ST/STM32CubeIDE_1.12.1/STM32CubeIDE/plugins/com.st.stm32cube.ide.mcu.externaltools.gnu-tools-for-stm32.12.3.rel1.win32_1.0.100.202403111256/tools/bin/../lib/gcc/arm-none-eabi/12.3.1/thumb/v6-m/nofp\libgcc.a

.debug_info     0x00000000     0xb42e
 .debug_info    0x00000000      0x550 ./Core/Src/SpiPort.o
 .debug_info    0x00000550     0x1a62 ./Core/Src/main.o
 .debug_info    0x00001fb2      0xda6 ./Core/Src/stm32f0xx_hal_msp.o
 .debug_info    0x00002d58      0x9c8 ./Core/Src/stm32f0xx_it.o
 .debug_info    0x00003720      0x242 ./Core/Src/system_stm32f0xx.o
 .debug_info    0x00003962      0x651 ./Core/Src/timer.o
 .debug_info    0x00003fb3       0x30 ./Core/Startup/startup_stm32f030r8tx.o
 .debug_info    0x00003fe3      0x670 ./Drivers/STM32F0xx_HAL_Driver/Src/stm32f0xx_hal.o
 .debug_info    0x00004653      0x69b ./Drivers/STM32F0xx_HAL_Driver/Src/stm32f0xx_hal_cortex.o
 .debug_info    0x00004cee      0x700 ./Drivers/STM32F0xx_HAL_Driver/Src/stm32f0xx_hal_dma.o
 .debug_info    0x000053ee      0x5c3 ./Drivers/STM32F0xx_HAL_Driver/Src/stm32f0xx_hal_gpio.o
 .debug_info    0x000059b1      0x1f7 ./Drivers/STM32F0xx_HAL_Driver/Src/stm32f0xx_hal_iwdg.o
 .debug_info    0x00005ba8      0x844 ./Drivers/STM32F0xx_HAL_Driver/Src/stm32f0xx_hal_rcc.o
 .debug_info    0x000063ec     0x1618 ./Drivers/STM32F0xx_HAL_Driver/Src/stm32f0xx_hal_spi.o
 .debug_info    0x00007a04     0x3a2a ./Drivers/STM32F0xx_HAL_Driver/Src/stm32f0xx_hal_uart.o

.debug_abbrev   0x00000000     0x1fbe
 .debug_abbrev  0x00000000      0x1cc ./Core/Src/SpiPort.o
 .debug_abbrev  0x000001cc      0x4be ./Core/Src/main.o
 .debug_abbrev  0x0000068a      0x236 ./Core/Src/stm32f0xx_hal_msp.o
 .debug_abbrev  0x000008c0      0x186 ./Core/Src/stm32f0xx_it.o
 .debug_abbrev  0x00000a46      0x11c ./Core/Src/system_stm32f0xx.o
 .debug_abbrev  0x00000b62      0x2a1 ./Core/Src/timer.o
 .debug_abbrev  0x00000e03       0x24 ./Core/Startup/startup_stm32f030r8tx.o
 .debug_abbrev  0x00000e27      0x24b ./Drivers/STM32F0xx_HAL_Driver/Src/stm32f0xx_hal.o
 .debug_abbrev  0x00001072      0x28c ./Drivers/STM32F0xx_HAL_Driver/Src/stm32f0xx_hal_cortex.o
 .debug_abbrev  0x000012fe      0x1ef ./Drivers/STM32F0xx_HAL_Driver/Src/stm32f0xx_hal_dma.o
 .debug_abbrev  0x000014ed      0x1c8 ./Drivers/STM32F0xx_HAL_Driver/Src/stm32f0xx_hal_gpio.o
 .debug_abbrev  0x000016b5      0x14d ./Drivers/STM32F0xx_HAL_Driver/Src/stm32f0xx_hal_iwdg.o
 .debug_abbrev  0x00001802      0x28b ./Drivers/STM32F0xx_HAL_Driver/Src/stm32f0xx_hal_rcc.o
 .debug_abbrev  0x00001a8d      0x265 ./Drivers/STM32F0xx_HAL_Driver/Src/stm32f0xx_hal_spi.o
 .debug_abbrev  0x00001cf2      0x2cc ./Drivers/STM32F0xx_HAL_Driver/Src/stm32f0xx_hal_uart.o

.debug_aranges  0x00000000      0x9b8
 .debug_aranges
                0x00000000       0x68 ./Core/Src/SpiPort.o
 .debug_aranges
                0x00000068       0xc8 ./Core/Src/main.o
 .debug_aranges
                0x00000130       0x40 ./Core/Src/stm32f0xx_hal_msp.o
 .debug_aranges
                0x00000170       0x60 ./Core/Src/stm32f0xx_it.o
 .debug_aranges
                0x000001d0       0x28 ./Core/Src/system_stm32f0xx.o
 .debug_aranges
                0x000001f8       0x90 ./Core/Src/timer.o
 .debug_aranges
                0x00000288       0x28 ./Core/Startup/startup_stm32f030r8tx.o
 .debug_aranges
                0x000002b0       0xd0 ./Drivers/STM32F0xx_HAL_Driver/Src/stm32f0xx_hal.o
 .debug_aranges
                0x00000380       0xc0 ./Drivers/STM32F0xx_HAL_Driver/Src/stm32f0xx_hal_cortex.o
 .debug_aranges
                0x00000440       0x88 ./Drivers/STM32F0xx_HAL_Driver/Src/stm32f0xx_hal_dma.o
 .debug_aranges
                0x000004c8       0x58 ./Drivers/STM32F0xx_HAL_Driver/Src/stm32f0xx_hal_gpio.o
 .debug_aranges
                0x00000520       0x28 ./Drivers/STM32F0xx_HAL_Driver/Src/stm32f0xx_hal_iwdg.o
 .debug_aranges
                0x00000548       0x80 ./Drivers/STM32F0xx_HAL_Driver/Src/stm32f0xx_hal_rcc.o
 .debug_aranges
                0x000005c8      0x1d8 ./Drivers/STM32F0xx_HAL_Driver/Src/stm32f0xx_hal_spi.o
 .debug_aranges
                0x000007a0      0x218 ./Drivers/STM32F0xx_HAL_Driver/Src/stm32f0xx_hal_uart.o

.debug_rnglists
                0x00000000      0x779
 .debug_rnglists
                0x00000000       0x49 ./Core/Src/SpiPort.o
 .debug_rnglists
                0x00000049       0x98 ./Core/Src/main.o
 .debug_rnglists
                0x000000e1       0x2d ./Core/Src/stm32f0xx_hal_msp.o
 .debug_rnglists
                0x0000010e       0x43 ./Core/Src/stm32f0xx_it.o
 .debug_rnglists
                0x00000151       0x1a ./Core/Src/system_stm32f0xx.o
 .debug_rnglists
                0x0000016b       0x67 ./Core/Src/timer.o
 .debug_rnglists
                0x000001d2       0x19 ./Core/Startup/startup_stm32f030r8tx.o
 .debug_rnglists
                0x000001eb       0x97 ./Drivers/STM32F0xx_HAL_Driver/Src/stm32f0xx_hal.o
 .debug_rnglists
                0x00000282       0x8c ./Drivers/STM32F0xx_HAL_Driver/Src/stm32f0xx_hal_cortex.o
 .debug_rnglists
                0x0000030e       0x6a ./Drivers/STM32F0xx_HAL_Driver/Src/stm32f0xx_hal_dma.o
 .debug_rnglists
                0x00000378       0x3f ./Drivers/STM32F0xx_HAL_Driver/Src/stm32f0xx_hal_gpio.o
 .debug_rnglists
                0x000003b7       0x1a ./Drivers/STM32F0xx_HAL_Driver/Src/stm32f0xx_hal_iwdg.o
 .debug_rnglists
                0x000003d1       0x60 ./Drivers/STM32F0xx_HAL_Driver/Src/stm32f0xx_hal_rcc.o
 .debug_rnglists
                0x00000431      0x17a ./Drivers/STM32F0xx_HAL_Driver/Src/stm32f0xx_hal_spi.o
 .debug_rnglists
                0x000005ab      0x1ce ./Drivers/STM32F0xx_HAL_Driver/Src/stm32f0xx_hal_uart.o

.debug_macro    0x00000000    0x113a6
 .debug_macro   0x00000000      0x1e5 ./Core/Src/SpiPort.o
 .debug_macro   0x000001e5      0xb62 ./Core/Src/SpiPort.o
 .debug_macro   0x00000d47      0x139 ./Core/Src/SpiPort.o
 .debug_macro   0x00000e80       0x2e ./Core/Src/SpiPort.o
 .debug_macro   0x00000eae       0x22 ./Core/Src/SpiPort.o
 .debug_macro   0x00000ed0       0x1c ./Core/Src/SpiPort.o
 .debug_macro   0x00000eec       0x22 ./Core/Src/SpiPort.o
 .debug_macro   0x00000f0e       0x8e ./Core/Src/SpiPort.o
 .debug_macro   0x00000f9c       0x51 ./Core/Src/SpiPort.o
 .debug_macro   0x00000fed      0x103 ./Core/Src/SpiPort.o
 .debug_macro   0x000010f0       0x6a ./Core/Src/SpiPort.o
 .debug_macro   0x0000115a      0x1df ./Core/Src/SpiPort.o
 .debug_macro   0x00001339       0x1c ./Core/Src/SpiPort.o
 .debug_macro   0x00001355       0x22 ./Core/Src/SpiPort.o
 .debug_macro   0x00001377       0xaf ./Core/Src/SpiPort.o
 .debug_macro   0x00001426      0x391 ./Core/Src/SpiPort.o
 .debug_macro   0x000017b7     0x6f47 ./Core/Src/SpiPort.o
 .debug_macro   0x000086fe       0x66 ./Core/Src/SpiPort.o
 .debug_macro   0x00008764     0x34be ./Core/Src/SpiPort.o
 .debug_macro   0x0000bc22      0x190 ./Core/Src/SpiPort.o
 .debug_macro   0x0000bdb2       0x55 ./Core/Src/SpiPort.o
 .debug_macro   0x0000be07      0x924 ./Core/Src/SpiPort.o
 .debug_macro   0x0000c72b      0x17f ./Core/Src/SpiPort.o
 .debug_macro   0x0000c8aa      0x1ae ./Core/Src/SpiPort.o
 .debug_macro   0x0000ca58       0xd8 ./Core/Src/SpiPort.o
 .debug_macro   0x0000cb30      0x1a0 ./Core/Src/SpiPort.o
 .debug_macro   0x0000ccd0      0x1ed ./Core/Src/SpiPort.o
 .debug_macro   0x0000cebd       0x34 ./Core/Src/SpiPort.o
 .debug_macro   0x0000cef1       0x43 ./Core/Src/SpiPort.o
 .debug_macro   0x0000cf34       0x28 ./Core/Src/SpiPort.o
 .debug_macro   0x0000cf5c       0xb0 ./Core/Src/SpiPort.o
 .debug_macro   0x0000d00c      0x199 ./Core/Src/SpiPort.o
 .debug_macro   0x0000d1a5      0x22c ./Core/Src/SpiPort.o
 .debug_macro   0x0000d3d1       0x61 ./Core/Src/SpiPort.o
 .debug_macro   0x0000d432       0xa5 ./Core/Src/SpiPort.o
 .debug_macro   0x0000d4d7       0x85 ./Core/Src/SpiPort.o
 .debug_macro   0x0000d55c       0x4c ./Core/Src/SpiPort.o
 .debug_macro   0x0000d5a8       0x2b ./Core/Src/SpiPort.o
 .debug_macro   0x0000d5d3      0x2fe ./Core/Src/SpiPort.o
 .debug_macro   0x0000d8d1      0x56d ./Core/Src/SpiPort.o
 .debug_macro   0x0000de3e       0x3e ./Core/Src/SpiPort.o
 .debug_macro   0x0000de7c       0xff ./Core/Src/SpiPort.o
 .debug_macro   0x0000df7b      0x31e ./Core/Src/main.o
 .debug_macro   0x0000e299       0x22 ./Core/Src/main.o
 .debug_macro   0x0000e2bb       0x61 ./Core/Src/main.o
 .debug_macro   0x0000e31c       0x24 ./Core/Src/main.o
 .debug_macro   0x0000e340       0x43 ./Core/Src/main.o
 .debug_macro   0x0000e383       0x34 ./Core/Src/main.o
 .debug_macro   0x0000e3b7       0x16 ./Core/Src/main.o
 .debug_macro   0x0000e3cd       0x1c ./Core/Src/main.o
 .debug_macro   0x0000e3e9       0x35 ./Core/Src/main.o
 .debug_macro   0x0000e41e      0x38c ./Core/Src/main.o
 .debug_macro   0x0000e7aa       0x10 ./Core/Src/main.o
 .debug_macro   0x0000e7ba       0x16 ./Core/Src/main.o
 .debug_macro   0x0000e7d0       0x43 ./Core/Src/main.o
 .debug_macro   0x0000e813       0x34 ./Core/Src/main.o
 .debug_macro   0x0000e847       0x10 ./Core/Src/main.o
 .debug_macro   0x0000e857       0x58 ./Core/Src/main.o
 .debug_macro   0x0000e8af       0x8e ./Core/Src/main.o
 .debug_macro   0x0000e93d       0x10 ./Core/Src/main.o
 .debug_macro   0x0000e94d      0x177 ./Core/Src/main.o
 .debug_macro   0x0000eac4       0x16 ./Core/Src/main.o
 .debug_macro   0x0000eada       0x16 ./Core/Src/main.o
 .debug_macro   0x0000eaf0      0x138 ./Core/Src/main.o
 .debug_macro   0x0000ec28       0x4c ./Core/Src/main.o
 .debug_macro   0x0000ec74       0x3a ./Core/Src/main.o
 .debug_macro   0x0000ecae       0x1c ./Core/Src/main.o
 .debug_macro   0x0000ecca      0x1d6 ./Core/Src/stm32f0xx_hal_msp.o
 .debug_macro   0x0000eea0      0xa8a ./Core/Src/stm32f0xx_hal_msp.o
 .debug_macro   0x0000f92a      0x391 ./Core/Src/stm32f0xx_hal_msp.o
 .debug_macro   0x0000fcbb      0x189 ./Core/Src/stm32f0xx_hal_msp.o
 .debug_macro   0x0000fe44      0x1e0 ./Core/Src/stm32f0xx_it.o
 .debug_macro   0x00010024      0x1cc ./Core/Src/system_stm32f0xx.o
 .debug_macro   0x000101f0      0x2e6 ./Core/Src/timer.o
 .debug_macro   0x000104d6      0x1f0 ./Drivers/STM32F0xx_HAL_Driver/Src/stm32f0xx_hal.o
 .debug_macro   0x000106c6      0x1cc ./Drivers/STM32F0xx_HAL_Driver/Src/stm32f0xx_hal_cortex.o
 .debug_macro   0x00010892      0x1cc ./Drivers/STM32F0xx_HAL_Driver/Src/stm32f0xx_hal_dma.o
 .debug_macro   0x00010a5e      0x1d3 ./Drivers/STM32F0xx_HAL_Driver/Src/stm32f0xx_hal_gpio.o
 .debug_macro   0x00010c31      0x1da ./Drivers/STM32F0xx_HAL_Driver/Src/stm32f0xx_hal_iwdg.o
 .debug_macro   0x00010e0b      0x1de ./Drivers/STM32F0xx_HAL_Driver/Src/stm32f0xx_hal_rcc.o
 .debug_macro   0x00010fe9      0x1d4 ./Drivers/STM32F0xx_HAL_Driver/Src/stm32f0xx_hal_spi.o
 .debug_macro   0x000111bd      0x1e9 ./Drivers/STM32F0xx_HAL_Driver/Src/stm32f0xx_hal_uart.o

.debug_line     0x00000000     0xccab
 .debug_line    0x00000000      0x94e ./Core/Src/SpiPort.o
 .debug_line    0x0000094e     0x1075 ./Core/Src/main.o
 .debug_line    0x000019c3      0x8ad ./Core/Src/stm32f0xx_hal_msp.o
 .debug_line    0x00002270      0x849 ./Core/Src/stm32f0xx_it.o
 .debug_line    0x00002ab9      0x7f2 ./Core/Src/system_stm32f0xx.o
 .debug_line    0x000032ab      0xadd ./Core/Src/timer.o
 .debug_line    0x00003d88       0x7b ./Core/Startup/startup_stm32f030r8tx.o
 .debug_line    0x00003e03      0x9fd ./Drivers/STM32F0xx_HAL_Driver/Src/stm32f0xx_hal.o
 .debug_line    0x00004800      0xaa9 ./Drivers/STM32F0xx_HAL_Driver/Src/stm32f0xx_hal_cortex.o
 .debug_line    0x000052a9      0xd21 ./Drivers/STM32F0xx_HAL_Driver/Src/stm32f0xx_hal_dma.o
 .debug_line    0x00005fca      0xb96 ./Drivers/STM32F0xx_HAL_Driver/Src/stm32f0xx_hal_gpio.o
 .debug_line    0x00006b60      0x80e ./Drivers/STM32F0xx_HAL_Driver/Src/stm32f0xx_hal_iwdg.o
 .debug_line    0x0000736e      0xde2 ./Drivers/STM32F0xx_HAL_Driver/Src/stm32f0xx_hal_rcc.o
 .debug_line    0x00008150     0x1f7f ./Drivers/STM32F0xx_HAL_Driver/Src/stm32f0xx_hal_spi.o
 .debug_line    0x0000a0cf     0x2bdc ./Drivers/STM32F0xx_HAL_Driver/Src/stm32f0xx_hal_uart.o

.debug_str      0x00000000    0x5ffd5
 .debug_str     0x00000000    0x59a2b ./Core/Src/SpiPort.o
                              0x59cb1 (size before relaxing)
 .debug_str     0x00059a2b     0x48cd ./Core/Src/main.o
                              0x5e809 (size before relaxing)
 .debug_str     0x0005e2f8      0x297 ./Core/Src/stm32f0xx_hal_msp.o
                              0x59f88 (size before relaxing)
 .debug_str     0x0005e58f       0xde ./Core/Src/stm32f0xx_it.o
                              0x59d20 (size before relaxing)
 .debug_str     0x0005e66d       0x8b ./Core/Src/system_stm32f0xx.o
                              0x596e0 (size before relaxing)
 .debug_str     0x0005e6f8      0x13b ./Core/Src/timer.o
                              0x5d751 (size before relaxing)
 .debug_str     0x0005e833       0x71 ./Core/Startup/startup_stm32f030r8tx.o
 .debug_str     0x0005e8a4      0x316 ./Drivers/STM32F0xx_HAL_Driver/Src/stm32f0xx_hal.o
                              0x59c74 (size before relaxing)
 .debug_str     0x0005ebba      0x18e ./Drivers/STM32F0xx_HAL_Driver/Src/stm32f0xx_hal_cortex.o
                              0x59a65 (size before relaxing)
 .debug_str     0x0005ed48      0x21e ./Drivers/STM32F0xx_HAL_Driver/Src/stm32f0xx_hal_dma.o
                              0x59a86 (size before relaxing)
 .debug_str     0x0005ef66      0x113 ./Drivers/STM32F0xx_HAL_Driver/Src/stm32f0xx_hal_gpio.o
                              0x59881 (size before relaxing)
 .debug_str     0x0005f079       0xe2 ./Drivers/STM32F0xx_HAL_Driver/Src/stm32f0xx_hal_iwdg.o
                              0x597a1 (size before relaxing)
 .debug_str     0x0005f15b      0x20f ./Drivers/STM32F0xx_HAL_Driver/Src/stm32f0xx_hal_rcc.o
                              0x59b1c (size before relaxing)
 .debug_str     0x0005f36a      0x4e1 ./Drivers/STM32F0xx_HAL_Driver/Src/stm32f0xx_hal_spi.o
                              0x5a04a (size before relaxing)
 .debug_str     0x0005f84b      0x78a ./Drivers/STM32F0xx_HAL_Driver/Src/stm32f0xx_hal_uart.o
                              0x5a3f9 (size before relaxing)

.comment        0x00000000       0x43
 .comment       0x00000000       0x43 ./Core/Src/SpiPort.o
                                 0x44 (size before relaxing)
 .comment       0x00000043       0x44 ./Core/Src/main.o
 .comment       0x00000043       0x44 ./Core/Src/stm32f0xx_hal_msp.o
 .comment       0x00000043       0x44 ./Core/Src/stm32f0xx_it.o
 .comment       0x00000043       0x44 ./Core/Src/system_stm32f0xx.o
 .comment       0x00000043       0x44 ./Core/Src/timer.o
 .comment       0x00000043       0x44 ./Drivers/STM32F0xx_HAL_Driver/Src/stm32f0xx_hal.o
 .comment       0x00000043       0x44 ./Drivers/STM32F0xx_HAL_Driver/Src/stm32f0xx_hal_cortex.o
 .comment       0x00000043       0x44 ./Drivers/STM32F0xx_HAL_Driver/Src/stm32f0xx_hal_dma.o
 .comment       0x00000043       0x44 ./Drivers/STM32F0xx_HAL_Driver/Src/stm32f0xx_hal_gpio.o
 .comment       0x00000043       0x44 ./Drivers/STM32F0xx_HAL_Driver/Src/stm32f0xx_hal_iwdg.o
 .comment       0x00000043       0x44 ./Drivers/STM32F0xx_HAL_Driver/Src/stm32f0xx_hal_rcc.o
 .comment       0x00000043       0x44 ./Drivers/STM32F0xx_HAL_Driver/Src/stm32f0xx_hal_spi.o
 .comment       0x00000043       0x44 ./Drivers/STM32F0xx_HAL_Driver/Src/stm32f0xx_hal_uart.o

.debug_frame    0x00000000     0x2194
 .debug_frame   0x00000000      0x150 ./Core/Src/SpiPort.o
 .debug_frame   0x00000150      0x2b8 ./Core/Src/main.o
 .debug_frame   0x00000408       0xb0 ./Core/Src/stm32f0xx_hal_msp.o
 .debug_frame   0x000004b8      0x10c ./Core/Src/stm32f0xx_it.o
 .debug_frame   0x000005c4       0x4c ./Core/Src/system_stm32f0xx.o
 .debug_frame   0x00000610      0x1ec ./Core/Src/timer.o
 .debug_frame   0x000007fc      0x2a4 ./Drivers/STM32F0xx_HAL_Driver/Src/stm32f0xx_hal.o
 .debug_frame   0x00000aa0      0x2a0 ./Drivers/STM32F0xx_HAL_Driver/Src/stm32f0xx_hal_cortex.o
 .debug_frame   0x00000d40      0x1d0 ./Drivers/STM32F0xx_HAL_Driver/Src/stm32f0xx_hal_dma.o
 .debug_frame   0x00000f10      0x110 ./Drivers/STM32F0xx_HAL_Driver/Src/stm32f0xx_hal_gpio.o
 .debug_frame   0x00001020       0x50 ./Drivers/STM32F0xx_HAL_Driver/Src/stm32f0xx_hal_iwdg.o
 .debug_frame   0x00001070      0x198 ./Drivers/STM32F0xx_HAL_Driver/Src/stm32f0xx_hal_rcc.o
 .debug_frame   0x00001208      0x710 ./Drivers/STM32F0xx_HAL_Driver/Src/stm32f0xx_hal_spi.o
 .debug_frame   0x00001918      0x810 ./Drivers/STM32F0xx_HAL_Driver/Src/stm32f0xx_hal_uart.o
 .debug_frame   0x00002128       0x20 C:/ST/STM32CubeIDE_1.12.1/STM32CubeIDE/plugins/com.st.stm32cube.ide.mcu.externaltools.gnu-tools-for-stm32.12.3.rel1.win32_1.0.100.202403111256/tools/bin/../lib/gcc/arm-none-eabi/12.3.1/../../../../arm-none-eabi/lib/thumb/v6-m/nofp\libc_nano.a(libc_a-memset.o)
 .debug_frame   0x00002148       0x2c C:/ST/STM32CubeIDE_1.12.1/STM32CubeIDE/plugins/com.st.stm32cube.ide.mcu.externaltools.gnu-tools-for-stm32.12.3.rel1.win32_1.0.100.202403111256/tools/bin/../lib/gcc/arm-none-eabi/12.3.1/../../../../arm-none-eabi/lib/thumb/v6-m/nofp\libc_nano.a(libc_a-init.o)
 .debug_frame   0x00002174       0x20 C:/ST/STM32CubeIDE_1.12.1/STM32CubeIDE/plugins/com.st.stm32cube.ide.mcu.externaltools.gnu-tools-for-stm32.12.3.rel1.win32_1.0.100.202403111256/tools/bin/../lib/gcc/arm-none-eabi/12.3.1/thumb/v6-m/nofp\libgcc.a(_udivsi3.o)

.debug_line_str
                0x00000000       0x55
 .debug_line_str
                0x00000000       0x55 ./Core/Startup/startup_stm32f030r8tx.o
